
> iot-rule-engine-frontend@0.1.0 build
> vite build

[36mvite v5.4.21 [32mbuilding for production...[36m[39m
transforming...
[32m鉁?[39m 3299 modules transformed.
rendering chunks...
computing gzip size...
[2mdist/[22m[32mindex.html                 [39m[1m[2m    0.67 kB[22m[1m[22m[2m 鈹?gzip:   0.48 kB[22m
[2mdist/[22m[35massets/index-DNqSMkgv.css  [39m[1m[2m   17.41 kB[22m[1m[22m[2m 鈹?gzip:   3.90 kB[22m
[2mdist/[22m[36massets/index-DzV5dn4u.js   [39m[1m[33m1,779.14 kB[39m[22m[2m 鈹?gzip: 561.90 kB[22m
npm : [33m
所在位置 行:1 字符: 5
+ & { npm run build *> build_output.txt ; $LASTEXITCODE } | Out-Host; e ...
+     ~~~~~~~~~~~~~~~~~~~~~~~~~~~~~~~~~
    + CategoryInfo          : NotSpecified: ([33m:String) [], RemoteException
    + FullyQualifiedErrorId : NativeCommandError
 
(!) Some chunks are larger than 500 kB after minification. Consider:
- Using dynamic import() to code-split the application
- Use build.rollupOptions.output.manualChunks to improve chunking: https://rollupjs.org/conf
iguration-options/#output-manualchunks
- Adjust chunk size limit for this warning via build.chunkSizeWarningLimit.[39m
[32m鉁?built in 37.84s[39m
